<?xml version="1.0" encoding="UTF-8" ?>

<dataset>
    <metadata>
        <column name="a" type="int"/>
        <column name="b" type="int"/>
    </metadata>

    <row id="01">[["小白"]]</row>
    <row id="02">[["小黑"]]</row>
</dataset>


