<?xml version="1.0" encoding="UTF-8" ?>

<dataset>
    <metadata>
        <column name="a" type="int"/>
        <column name="b" type="int"/>
    </metadata>
    <!-- sql用例的xml文件中, 如果case标签为查询语句, 无论有多少个参数, 这个case标签都会对应有一个预期结果文件,
        一个sql用例的xml文件可能对应会有几十上百个预期结果文件.

        所以 sql用例的case标签和预期结果文件需要对应上
        case标签和预期结果文件对应的方法: 在case上加一个id属性, 通过xsd约束文件限制id属性的值唯一, 然后将id值格式化下作为预期结果的文件名
        预期结果的文件名格式暂定为: {sql用例文件名}_{id值}.xml   如 dml文件中case标签的id属性值为 001, 那么对应预期文件名为 dml_001.xml

        row标签中也会加一个id值, 与assertion标签的id属性对应.
        如assertion的id属性值为1, 那么所有id属性值也为1的row标签就是对应参数的预期数据.

        row使用双标签, 查看数据的时候展示更直观
     -->
    <row id="参数在case标签中的下标位置(或者再加一个id标签)">单行数据</row>
    <row id="01">[["1", "小白"]]</row>
    <row id="02">[["2", "小黑"]]</row>
</dataset>


