<?xml version="1.0" encoding="UTF-8" ?>

<dataset>
    <metadata>
        <column name="expr$0" type="long"/>
    </metadata>

    <row id="01">[["0"]]</row>
    <row id="02">[["1"]]</row>
    <row id="03">[["-1"]]</row>
    <row id="04">[["12"]]</row>
    <row id="05">[["-12"]]</row>
    <row id="06">[["9223372036854775807"]]</row>
    <row id="07">[["-9223372036854775808"]]</row>
    <row id="12">[["null"]]</row>
</dataset>


