<?xml version="1.0" encoding="UTF-8" ?>

<dataset>
    <metadata>
        <column name="expr$0" type="int"/>
    </metadata>

    <row id="01">[["0"]]</row>
    <row id="02">[["1"]]</row>
    <row id="03">[["-1"]]</row>
    <row id="04">[["12"]]</row>
    <row id="05">[["-12"]]</row>
    <row id="06">[["2147483647"]]</row>
    <row id="07">[["-2147483648"]]</row>
    <row id="12">[["null"]]</row>
</dataset>


